kotlin version: 2.2.10
error message: java.lang.OutOfMemoryError: GC overhead limit exceeded
	at org.jetbrains.kotlin.fir.resolve.dfa.RealVariable.hashCode(DfaVariables.kt:76)
	at java.base/java.util.Arrays.hashCode(Arrays.java:4599)
	at java.base/java.util.Objects.hash(Objects.java:133)
	at org.jetbrains.kotlin.fir.resolve.dfa.RealVariable.hashCode(DfaVariables.kt:76)
	at org.jetbrains.kotlin.kotlinx.collections.immutable.implementations.immutableMap.PersistentHashMapBuilder.put(PersistentHashMapBuilder.kt:64)
	at org.jetbrains.kotlin.fir.resolve.dfa.LogicSystem.addImplication(LogicSystem.kt:86)
	at org.jetbrains.kotlin.fir.resolve.dfa.FirDataFlowAnalyzer.addImplication(FirDataFlowAnalyzer.kt:1573)
	at org.jetbrains.kotlin.fir.resolve.dfa.FirDataFlowAnalyzer.exitSafeCall$lambda$29(FirDataFlowAnalyzer.kt:902)
	at org.jetbrains.kotlin.fir.resolve.dfa.FirDataFlowAnalyzer$$Lambda/0x000001bf246a2168.invoke(Unknown Source)
	at org.jetbrains.kotlin.fir.resolve.dfa.FirDataFlowAnalyzer.buildDefaultFlow(FirDataFlowAnalyzer.kt:1430)
	at org.jetbrains.kotlin.fir.resolve.dfa.FirDataFlowAnalyzer.mergeIncomingFlow(FirDataFlowAnalyzer.kt:1476)
	at org.jetbrains.kotlin.fir.resolve.dfa.FirDataFlowAnalyzer.exitSafeCall(FirDataFlowAnalyzer.kt:863)
	at org.jetbrains.kotlin.fir.resolve.transformers.body.resolve.FirExpressionsResolveTransformer.transformSafeCallExpression(FirExpressionsResolveTransformer.kt:478)
	at org.jetbrains.kotlin.fir.resolve.transformers.body.resolve.FirAbstractBodyResolveTransformerDispatcher.transformSafeCallExpression(FirAbstractBodyResolveTransformerDispatcher.kt:410)
	at org.jetbrains.kotlin.fir.resolve.transformers.body.resolve.FirAbstractBodyResolveTransformerDispatcher.transformSafeCallExpression(FirAbstractBodyResolveTransformerDispatcher.kt:27)
	at org.jetbrains.kotlin.fir.expressions.FirSafeCallExpression.transform(FirSafeCallExpression.kt:35)
	at org.jetbrains.kotlin.fir.visitors.FirTransformerUtilKt.transformInplace(FirTransformerUtil.kt:20)
	at org.jetbrains.kotlin.fir.expressions.impl.FirArgumentListImpl.transformArguments(FirArgumentListImpl.kt:31)
	at org.jetbrains.kotlin.fir.expressions.impl.FirArgumentListImpl.transformChildren(FirArgumentListImpl.kt:26)
	at org.jetbrains.kotlin.fir.expressions.impl.FirArgumentListImpl.transformChildren(FirArgumentListImpl.kt:17)
	at org.jetbrains.kotlin.fir.resolve.transformers.body.resolve.FirAbstractBodyResolveTransformerDispatcher.transformElement(FirAbstractBodyResolveTransformerDispatcher.kt:92)
	at org.jetbrains.kotlin.fir.resolve.transformers.body.resolve.FirAbstractBodyResolveTransformerDispatcher.transformElement(FirAbstractBodyResolveTransformerDispatcher.kt:27)
	at org.jetbrains.kotlin.fir.visitors.FirTransformer.transformArgumentList(FirTransformer.kt:167)
	at org.jetbrains.kotlin.fir.expressions.FirArgumentList.transform(FirArgumentList.kt:29)
	at org.jetbrains.kotlin.fir.resolve.transformers.body.resolve.FirPartialBodyResolveTransformer.transformElement(FirPartialBodyResolveTransformer.kt:36)
	at org.jetbrains.kotlin.fir.resolve.transformers.body.resolve.FirPartialBodyResolveTransformer.transformElement(FirPartialBodyResolveTransformer.kt:13)
	at org.jetbrains.kotlin.fir.visitors.FirTransformer.transformArgumentList(FirTransformer.kt:167)
	at org.jetbrains.kotlin.fir.expressions.FirArgumentList.transform(FirArgumentList.kt:29)
	at org.jetbrains.kotlin.fir.resolve.transformers.body.resolve.FirExpressionsResolveTransformer.transformFunctionCallInternal$resolve(FirExpressionsResolveTransformer.kt:566)
	at org.jetbrains.kotlin.fir.resolve.transformers.body.resolve.FirExpressionsResolveTransformer.transformFunctionCall(FirExpressionsResolveTransformer.kt:503)
	at org.jetbrains.kotlin.fir.resolve.transformers.body.resolve.FirAbstractBodyResolveTransformerDispatcher.transformFunctionCall(FirAbstractBodyResolveTransformerDispatcher.kt:195)
	at org.jetbrains.kotlin.fir.resolve.transformers.body.resolve.FirAbstractBodyResolveTransformerDispatcher.transformFunctionCall(FirAbstractBodyResolveTransformerDispatcher.kt:27)


